[0.104s] DEBUG:colcon:Command line arguments: ['/usr/bin/colcon', 'build', '--packages-select', 'bump_go']
[0.104s] DEBUG:colcon:Parsed command line arguments: Namespace(log_base=None, log_level=None, verb_name='build', build_base='build', install_base='install', merge_install=False, symlink_install=False, test_result_base=None, continue_on_error=False, executor='parallel', parallel_workers=12, event_handlers=None, ignore_user_meta=False, metas=['./colcon.meta'], base_paths=['.'], packages_ignore=None, packages_ignore_regex=None, paths=None, packages_up_to=None, packages_up_to_regex=None, packages_above=None, packages_above_and_dependencies=None, packages_above_depth=None, packages_select_by_dep=None, packages_skip_by_dep=None, packages_skip_up_to=None, packages_select_build_failed=False, packages_skip_build_finished=False, packages_select_test_failures=False, packages_skip_test_passed=False, packages_select=['bump_go'], packages_skip=None, packages_select_regex=None, packages_skip_regex=None, packages_start=None, packages_end=None, allow_overriding=[], cmake_args=None, cmake_target=None, cmake_target_skip_unavailable=False, cmake_clean_cache=False, cmake_clean_first=False, cmake_force_configure=False, ament_cmake_args=None, catkin_cmake_args=None, catkin_skip_building_tests=False, mixin_files=None, mixin=None, verb_parser=<colcon_mixin.mixin.mixin_argument.MixinArgumentDecorator object at 0x76ae48dab260>, verb_extension=<colcon_core.verb.build.BuildVerb object at 0x76ae48daaea0>, main=<bound method BuildVerb.main of <colcon_core.verb.build.BuildVerb object at 0x76ae48daaea0>>, mixin_verb=('build',))
[0.139s] Level 1:colcon.colcon_core.package_discovery:discover_packages(colcon_meta) check parameters
[0.139s] Level 1:colcon.colcon_core.package_discovery:discover_packages(recursive) check parameters
[0.139s] Level 1:colcon.colcon_core.package_discovery:discover_packages(ignore) check parameters
[0.139s] Level 1:colcon.colcon_core.package_discovery:discover_packages(path) check parameters
[0.139s] Level 1:colcon.colcon_core.package_discovery:discover_packages(colcon_meta) discover
[0.139s] Level 1:colcon.colcon_core.package_discovery:discover_packages(recursive) discover
[0.140s] INFO:colcon.colcon_core.package_discovery:Crawling recursively for packages in '/home/dowling/ros2_ws/src'
[0.140s] Level 1:colcon.colcon_core.package_identification:_identify(.) by extensions ['ignore', 'ignore_ament_install']
[0.140s] Level 1:colcon.colcon_core.package_identification:_identify(.) by extension 'ignore'
[0.140s] Level 1:colcon.colcon_core.package_identification:_identify(.) by extension 'ignore_ament_install'
[0.140s] Level 1:colcon.colcon_core.package_identification:_identify(.) by extensions ['colcon_pkg']
[0.140s] Level 1:colcon.colcon_core.package_identification:_identify(.) by extension 'colcon_pkg'
[0.140s] Level 1:colcon.colcon_core.package_identification:_identify(.) by extensions ['colcon_meta']
[0.140s] Level 1:colcon.colcon_core.package_identification:_identify(.) by extension 'colcon_meta'
[0.140s] Level 1:colcon.colcon_core.package_identification:_identify(.) by extensions ['ros']
[0.140s] Level 1:colcon.colcon_core.package_identification:_identify(.) by extension 'ros'
[0.163s] Level 1:colcon.colcon_core.package_identification:_identify(.) by extensions ['cmake', 'python']
[0.163s] Level 1:colcon.colcon_core.package_identification:_identify(.) by extension 'cmake'
[0.163s] Level 1:colcon.colcon_core.package_identification:_identify(.) by extension 'python'
[0.163s] Level 1:colcon.colcon_core.package_identification:_identify(.) by extensions ['python_setup_py']
[0.163s] Level 1:colcon.colcon_core.package_identification:_identify(.) by extension 'python_setup_py'
[0.163s] Level 1:colcon.colcon_core.package_identification:_identify(aws-robomaker-small-warehouse-world) by extensions ['ignore', 'ignore_ament_install']
[0.164s] Level 1:colcon.colcon_core.package_identification:_identify(aws-robomaker-small-warehouse-world) by extension 'ignore'
[0.164s] Level 1:colcon.colcon_core.package_identification:_identify(aws-robomaker-small-warehouse-world) by extension 'ignore_ament_install'
[0.164s] Level 1:colcon.colcon_core.package_identification:_identify(aws-robomaker-small-warehouse-world) by extensions ['colcon_pkg']
[0.164s] Level 1:colcon.colcon_core.package_identification:_identify(aws-robomaker-small-warehouse-world) by extension 'colcon_pkg'
[0.164s] Level 1:colcon.colcon_core.package_identification:_identify(aws-robomaker-small-warehouse-world) by extensions ['colcon_meta']
[0.164s] Level 1:colcon.colcon_core.package_identification:_identify(aws-robomaker-small-warehouse-world) by extension 'colcon_meta'
[0.164s] Level 1:colcon.colcon_core.package_identification:_identify(aws-robomaker-small-warehouse-world) by extensions ['ros']
[0.164s] Level 1:colcon.colcon_core.package_identification:_identify(aws-robomaker-small-warehouse-world) by extension 'ros'
[0.166s] DEBUG:colcon.colcon_core.package_identification:Package 'aws-robomaker-small-warehouse-world' with type 'ros.ament_cmake' and name 'aws_robomaker_small_warehouse_world'
[0.166s] Level 1:colcon.colcon_core.package_identification:_identify(build) by extensions ['ignore', 'ignore_ament_install']
[0.166s] Level 1:colcon.colcon_core.package_identification:_identify(build) by extension 'ignore'
[0.166s] Level 1:colcon.colcon_core.package_identification:_identify(build) ignored
[0.166s] Level 1:colcon.colcon_core.package_identification:_identify(examples) by extensions ['ignore', 'ignore_ament_install']
[0.166s] Level 1:colcon.colcon_core.package_identification:_identify(examples) by extension 'ignore'
[0.166s] Level 1:colcon.colcon_core.package_identification:_identify(examples) by extension 'ignore_ament_install'
[0.166s] Level 1:colcon.colcon_core.package_identification:_identify(examples) by extensions ['colcon_pkg']
[0.166s] Level 1:colcon.colcon_core.package_identification:_identify(examples) by extension 'colcon_pkg'
[0.166s] Level 1:colcon.colcon_core.package_identification:_identify(examples) by extensions ['colcon_meta']
[0.166s] Level 1:colcon.colcon_core.package_identification:_identify(examples) by extension 'colcon_meta'
[0.166s] Level 1:colcon.colcon_core.package_identification:_identify(examples) by extensions ['ros']
[0.166s] Level 1:colcon.colcon_core.package_identification:_identify(examples) by extension 'ros'
[0.166s] Level 1:colcon.colcon_core.package_identification:_identify(examples) by extensions ['cmake', 'python']
[0.167s] Level 1:colcon.colcon_core.package_identification:_identify(examples) by extension 'cmake'
[0.167s] Level 1:colcon.colcon_core.package_identification:_identify(examples) by extension 'python'
[0.167s] Level 1:colcon.colcon_core.package_identification:_identify(examples) by extensions ['python_setup_py']
[0.167s] Level 1:colcon.colcon_core.package_identification:_identify(examples) by extension 'python_setup_py'
[0.167s] Level 1:colcon.colcon_core.package_identification:_identify(examples/bump_go) by extensions ['ignore', 'ignore_ament_install']
[0.167s] Level 1:colcon.colcon_core.package_identification:_identify(examples/bump_go) by extension 'ignore'
[0.167s] Level 1:colcon.colcon_core.package_identification:_identify(examples/bump_go) by extension 'ignore_ament_install'
[0.167s] Level 1:colcon.colcon_core.package_identification:_identify(examples/bump_go) by extensions ['colcon_pkg']
[0.167s] Level 1:colcon.colcon_core.package_identification:_identify(examples/bump_go) by extension 'colcon_pkg'
[0.167s] Level 1:colcon.colcon_core.package_identification:_identify(examples/bump_go) by extensions ['colcon_meta']
[0.167s] Level 1:colcon.colcon_core.package_identification:_identify(examples/bump_go) by extension 'colcon_meta'
[0.167s] Level 1:colcon.colcon_core.package_identification:_identify(examples/bump_go) by extensions ['ros']
[0.167s] Level 1:colcon.colcon_core.package_identification:_identify(examples/bump_go) by extension 'ros'
[0.168s] DEBUG:colcon.colcon_core.package_identification:Package 'examples/bump_go' with type 'ros.ament_cmake' and name 'bump_go'
[0.168s] Level 1:colcon.colcon_core.package_identification:_identify(examples/publisher_example) by extensions ['ignore', 'ignore_ament_install']
[0.168s] Level 1:colcon.colcon_core.package_identification:_identify(examples/publisher_example) by extension 'ignore'
[0.168s] Level 1:colcon.colcon_core.package_identification:_identify(examples/publisher_example) by extension 'ignore_ament_install'
[0.168s] Level 1:colcon.colcon_core.package_identification:_identify(examples/publisher_example) by extensions ['colcon_pkg']
[0.168s] Level 1:colcon.colcon_core.package_identification:_identify(examples/publisher_example) by extension 'colcon_pkg'
[0.168s] Level 1:colcon.colcon_core.package_identification:_identify(examples/publisher_example) by extensions ['colcon_meta']
[0.168s] Level 1:colcon.colcon_core.package_identification:_identify(examples/publisher_example) by extension 'colcon_meta'
[0.168s] Level 1:colcon.colcon_core.package_identification:_identify(examples/publisher_example) by extensions ['ros']
[0.168s] Level 1:colcon.colcon_core.package_identification:_identify(examples/publisher_example) by extension 'ros'
[0.169s] DEBUG:colcon.colcon_core.package_identification:Package 'examples/publisher_example' with type 'ros.ament_cmake' and name 'publisher_example'
[0.169s] Level 1:colcon.colcon_core.package_identification:_identify(examples/subscriber_example) by extensions ['ignore', 'ignore_ament_install']
[0.169s] Level 1:colcon.colcon_core.package_identification:_identify(examples/subscriber_example) by extension 'ignore'
[0.169s] Level 1:colcon.colcon_core.package_identification:_identify(examples/subscriber_example) by extension 'ignore_ament_install'
[0.169s] Level 1:colcon.colcon_core.package_identification:_identify(examples/subscriber_example) by extensions ['colcon_pkg']
[0.169s] Level 1:colcon.colcon_core.package_identification:_identify(examples/subscriber_example) by extension 'colcon_pkg'
[0.169s] Level 1:colcon.colcon_core.package_identification:_identify(examples/subscriber_example) by extensions ['colcon_meta']
[0.169s] Level 1:colcon.colcon_core.package_identification:_identify(examples/subscriber_example) by extension 'colcon_meta'
[0.169s] Level 1:colcon.colcon_core.package_identification:_identify(examples/subscriber_example) by extensions ['ros']
[0.169s] Level 1:colcon.colcon_core.package_identification:_identify(examples/subscriber_example) by extension 'ros'
[0.170s] DEBUG:colcon.colcon_core.package_identification:Package 'examples/subscriber_example' with type 'ros.ament_cmake' and name 'subscriber_example'
[0.170s] Level 1:colcon.colcon_core.package_identification:_identify(install) by extensions ['ignore', 'ignore_ament_install']
[0.170s] Level 1:colcon.colcon_core.package_identification:_identify(install) by extension 'ignore'
[0.170s] Level 1:colcon.colcon_core.package_identification:_identify(install) ignored
[0.170s] Level 1:colcon.colcon_core.package_identification:_identify(log) by extensions ['ignore', 'ignore_ament_install']
[0.170s] Level 1:colcon.colcon_core.package_identification:_identify(log) by extension 'ignore'
[0.170s] Level 1:colcon.colcon_core.package_identification:_identify(log) ignored
[0.170s] Level 1:colcon.colcon_core.package_identification:_identify(mirte-gazebo) by extensions ['ignore', 'ignore_ament_install']
[0.170s] Level 1:colcon.colcon_core.package_identification:_identify(mirte-gazebo) by extension 'ignore'
[0.170s] Level 1:colcon.colcon_core.package_identification:_identify(mirte-gazebo) by extension 'ignore_ament_install'
[0.170s] Level 1:colcon.colcon_core.package_identification:_identify(mirte-gazebo) by extensions ['colcon_pkg']
[0.170s] Level 1:colcon.colcon_core.package_identification:_identify(mirte-gazebo) by extension 'colcon_pkg'
[0.170s] Level 1:colcon.colcon_core.package_identification:_identify(mirte-gazebo) by extensions ['colcon_meta']
[0.170s] Level 1:colcon.colcon_core.package_identification:_identify(mirte-gazebo) by extension 'colcon_meta'
[0.170s] Level 1:colcon.colcon_core.package_identification:_identify(mirte-gazebo) by extensions ['ros']
[0.170s] Level 1:colcon.colcon_core.package_identification:_identify(mirte-gazebo) by extension 'ros'
[0.171s] DEBUG:colcon.colcon_core.package_identification:Package 'mirte-gazebo' with type 'ros.ament_cmake' and name 'mirte_gazebo'
[0.171s] Level 1:colcon.colcon_core.package_identification:_identify(mirte-ros-packages) by extensions ['ignore', 'ignore_ament_install']
[0.171s] Level 1:colcon.colcon_core.package_identification:_identify(mirte-ros-packages) by extension 'ignore'
[0.171s] Level 1:colcon.colcon_core.package_identification:_identify(mirte-ros-packages) by extension 'ignore_ament_install'
[0.171s] Level 1:colcon.colcon_core.package_identification:_identify(mirte-ros-packages) by extensions ['colcon_pkg']
[0.171s] Level 1:colcon.colcon_core.package_identification:_identify(mirte-ros-packages) by extension 'colcon_pkg'
[0.172s] Level 1:colcon.colcon_core.package_identification:_identify(mirte-ros-packages) by extensions ['colcon_meta']
[0.172s] Level 1:colcon.colcon_core.package_identification:_identify(mirte-ros-packages) by extension 'colcon_meta'
[0.172s] Level 1:colcon.colcon_core.package_identification:_identify(mirte-ros-packages) by extensions ['ros']
[0.172s] Level 1:colcon.colcon_core.package_identification:_identify(mirte-ros-packages) by extension 'ros'
[0.172s] Level 1:colcon.colcon_core.package_identification:_identify(mirte-ros-packages) by extensions ['cmake', 'python']
[0.172s] Level 1:colcon.colcon_core.package_identification:_identify(mirte-ros-packages) by extension 'cmake'
[0.172s] Level 1:colcon.colcon_core.package_identification:_identify(mirte-ros-packages) by extension 'python'
[0.172s] Level 1:colcon.colcon_core.package_identification:_identify(mirte-ros-packages) by extensions ['python_setup_py']
[0.172s] Level 1:colcon.colcon_core.package_identification:_identify(mirte-ros-packages) by extension 'python_setup_py'
[0.172s] Level 1:colcon.colcon_core.package_identification:_identify(mirte-ros-packages/mirte_bringup) by extensions ['ignore', 'ignore_ament_install']
[0.172s] Level 1:colcon.colcon_core.package_identification:_identify(mirte-ros-packages/mirte_bringup) by extension 'ignore'
[0.172s] Level 1:colcon.colcon_core.package_identification:_identify(mirte-ros-packages/mirte_bringup) by extension 'ignore_ament_install'
[0.172s] Level 1:colcon.colcon_core.package_identification:_identify(mirte-ros-packages/mirte_bringup) by extensions ['colcon_pkg']
[0.172s] Level 1:colcon.colcon_core.package_identification:_identify(mirte-ros-packages/mirte_bringup) by extension 'colcon_pkg'
[0.172s] Level 1:colcon.colcon_core.package_identification:_identify(mirte-ros-packages/mirte_bringup) by extensions ['colcon_meta']
[0.172s] Level 1:colcon.colcon_core.package_identification:_identify(mirte-ros-packages/mirte_bringup) by extension 'colcon_meta'
[0.172s] Level 1:colcon.colcon_core.package_identification:_identify(mirte-ros-packages/mirte_bringup) by extensions ['ros']
[0.172s] Level 1:colcon.colcon_core.package_identification:_identify(mirte-ros-packages/mirte_bringup) by extension 'ros'
[0.173s] DEBUG:colcon.colcon_core.package_identification:Package 'mirte-ros-packages/mirte_bringup' with type 'ros.ament_cmake' and name 'mirte_bringup'
[0.173s] Level 1:colcon.colcon_core.package_identification:_identify(mirte-ros-packages/mirte_control) by extensions ['ignore', 'ignore_ament_install']
[0.173s] Level 1:colcon.colcon_core.package_identification:_identify(mirte-ros-packages/mirte_control) by extension 'ignore'
[0.173s] Level 1:colcon.colcon_core.package_identification:_identify(mirte-ros-packages/mirte_control) by extension 'ignore_ament_install'
[0.173s] Level 1:colcon.colcon_core.package_identification:_identify(mirte-ros-packages/mirte_control) by extensions ['colcon_pkg']
[0.173s] Level 1:colcon.colcon_core.package_identification:_identify(mirte-ros-packages/mirte_control) by extension 'colcon_pkg'
[0.173s] Level 1:colcon.colcon_core.package_identification:_identify(mirte-ros-packages/mirte_control) by extensions ['colcon_meta']
[0.173s] Level 1:colcon.colcon_core.package_identification:_identify(mirte-ros-packages/mirte_control) by extension 'colcon_meta'
[0.173s] Level 1:colcon.colcon_core.package_identification:_identify(mirte-ros-packages/mirte_control) by extensions ['ros']
[0.173s] Level 1:colcon.colcon_core.package_identification:_identify(mirte-ros-packages/mirte_control) by extension 'ros'
[0.173s] Level 1:colcon.colcon_core.package_identification:_identify(mirte-ros-packages/mirte_control) by extensions ['cmake', 'python']
[0.173s] Level 1:colcon.colcon_core.package_identification:_identify(mirte-ros-packages/mirte_control) by extension 'cmake'
[0.173s] Level 1:colcon.colcon_core.package_identification:_identify(mirte-ros-packages/mirte_control) by extension 'python'
[0.173s] Level 1:colcon.colcon_core.package_identification:_identify(mirte-ros-packages/mirte_control) by extensions ['python_setup_py']
[0.173s] Level 1:colcon.colcon_core.package_identification:_identify(mirte-ros-packages/mirte_control) by extension 'python_setup_py'
[0.173s] Level 1:colcon.colcon_core.package_identification:_identify(mirte-ros-packages/mirte_control/mirte_master_arm_control) by extensions ['ignore', 'ignore_ament_install']
[0.173s] Level 1:colcon.colcon_core.package_identification:_identify(mirte-ros-packages/mirte_control/mirte_master_arm_control) by extension 'ignore'
[0.173s] Level 1:colcon.colcon_core.package_identification:_identify(mirte-ros-packages/mirte_control/mirte_master_arm_control) by extension 'ignore_ament_install'
[0.174s] Level 1:colcon.colcon_core.package_identification:_identify(mirte-ros-packages/mirte_control/mirte_master_arm_control) by extensions ['colcon_pkg']
[0.174s] Level 1:colcon.colcon_core.package_identification:_identify(mirte-ros-packages/mirte_control/mirte_master_arm_control) by extension 'colcon_pkg'
[0.174s] Level 1:colcon.colcon_core.package_identification:_identify(mirte-ros-packages/mirte_control/mirte_master_arm_control) by extensions ['colcon_meta']
[0.174s] Level 1:colcon.colcon_core.package_identification:_identify(mirte-ros-packages/mirte_control/mirte_master_arm_control) by extension 'colcon_meta'
[0.174s] Level 1:colcon.colcon_core.package_identification:_identify(mirte-ros-packages/mirte_control/mirte_master_arm_control) by extensions ['ros']
[0.174s] Level 1:colcon.colcon_core.package_identification:_identify(mirte-ros-packages/mirte_control/mirte_master_arm_control) by extension 'ros'
[0.175s] DEBUG:colcon.colcon_core.package_identification:Package 'mirte-ros-packages/mirte_control/mirte_master_arm_control' with type 'ros.ament_cmake' and name 'mirte_master_arm_control'
[0.175s] Level 1:colcon.colcon_core.package_identification:_identify(mirte-ros-packages/mirte_control/mirte_master_base_control) by extensions ['ignore', 'ignore_ament_install']
[0.175s] Level 1:colcon.colcon_core.package_identification:_identify(mirte-ros-packages/mirte_control/mirte_master_base_control) by extension 'ignore'
[0.175s] Level 1:colcon.colcon_core.package_identification:_identify(mirte-ros-packages/mirte_control/mirte_master_base_control) by extension 'ignore_ament_install'
[0.175s] Level 1:colcon.colcon_core.package_identification:_identify(mirte-ros-packages/mirte_control/mirte_master_base_control) by extensions ['colcon_pkg']
[0.175s] Level 1:colcon.colcon_core.package_identification:_identify(mirte-ros-packages/mirte_control/mirte_master_base_control) by extension 'colcon_pkg'
[0.175s] Level 1:colcon.colcon_core.package_identification:_identify(mirte-ros-packages/mirte_control/mirte_master_base_control) by extensions ['colcon_meta']
[0.175s] Level 1:colcon.colcon_core.package_identification:_identify(mirte-ros-packages/mirte_control/mirte_master_base_control) by extension 'colcon_meta'
[0.175s] Level 1:colcon.colcon_core.package_identification:_identify(mirte-ros-packages/mirte_control/mirte_master_base_control) by extensions ['ros']
[0.175s] Level 1:colcon.colcon_core.package_identification:_identify(mirte-ros-packages/mirte_control/mirte_master_base_control) by extension 'ros'
[0.176s] DEBUG:colcon.colcon_core.package_identification:Package 'mirte-ros-packages/mirte_control/mirte_master_base_control' with type 'ros.ament_cmake' and name 'mirte_base_control'
[0.176s] Level 1:colcon.colcon_core.package_identification:_identify(mirte-ros-packages/mirte_control/mirte_pioneer_control) by extensions ['ignore', 'ignore_ament_install']
[0.177s] Level 1:colcon.colcon_core.package_identification:_identify(mirte-ros-packages/mirte_control/mirte_pioneer_control) by extension 'ignore'
[0.177s] Level 1:colcon.colcon_core.package_identification:_identify(mirte-ros-packages/mirte_control/mirte_pioneer_control) by extension 'ignore_ament_install'
[0.177s] Level 1:colcon.colcon_core.package_identification:_identify(mirte-ros-packages/mirte_control/mirte_pioneer_control) by extensions ['colcon_pkg']
[0.177s] Level 1:colcon.colcon_core.package_identification:_identify(mirte-ros-packages/mirte_control/mirte_pioneer_control) by extension 'colcon_pkg'
[0.177s] Level 1:colcon.colcon_core.package_identification:_identify(mirte-ros-packages/mirte_control/mirte_pioneer_control) by extensions ['colcon_meta']
[0.177s] Level 1:colcon.colcon_core.package_identification:_identify(mirte-ros-packages/mirte_control/mirte_pioneer_control) by extension 'colcon_meta'
[0.177s] Level 1:colcon.colcon_core.package_identification:_identify(mirte-ros-packages/mirte_control/mirte_pioneer_control) by extensions ['ros']
[0.177s] Level 1:colcon.colcon_core.package_identification:_identify(mirte-ros-packages/mirte_control/mirte_pioneer_control) by extension 'ros'
[0.177s] DEBUG:colcon.colcon_core.package_identification:Package 'mirte-ros-packages/mirte_control/mirte_pioneer_control' with type 'ros.ament_cmake' and name 'mirte_control'
[0.178s] Level 1:colcon.colcon_core.package_identification:_identify(mirte-ros-packages/mirte_description) by extensions ['ignore', 'ignore_ament_install']
[0.178s] Level 1:colcon.colcon_core.package_identification:_identify(mirte-ros-packages/mirte_description) by extension 'ignore'
[0.178s] Level 1:colcon.colcon_core.package_identification:_identify(mirte-ros-packages/mirte_description) by extension 'ignore_ament_install'
[0.178s] Level 1:colcon.colcon_core.package_identification:_identify(mirte-ros-packages/mirte_description) by extensions ['colcon_pkg']
[0.178s] Level 1:colcon.colcon_core.package_identification:_identify(mirte-ros-packages/mirte_description) by extension 'colcon_pkg'
[0.178s] Level 1:colcon.colcon_core.package_identification:_identify(mirte-ros-packages/mirte_description) by extensions ['colcon_meta']
[0.178s] Level 1:colcon.colcon_core.package_identification:_identify(mirte-ros-packages/mirte_description) by extension 'colcon_meta'
[0.178s] Level 1:colcon.colcon_core.package_identification:_identify(mirte-ros-packages/mirte_description) by extensions ['ros']
[0.178s] Level 1:colcon.colcon_core.package_identification:_identify(mirte-ros-packages/mirte_description) by extension 'ros'
[0.178s] Level 1:colcon.colcon_core.package_identification:_identify(mirte-ros-packages/mirte_description) by extensions ['cmake', 'python']
[0.178s] Level 1:colcon.colcon_core.package_identification:_identify(mirte-ros-packages/mirte_description) by extension 'cmake'
[0.178s] Level 1:colcon.colcon_core.package_identification:_identify(mirte-ros-packages/mirte_description) by extension 'python'
[0.178s] Level 1:colcon.colcon_core.package_identification:_identify(mirte-ros-packages/mirte_description) by extensions ['python_setup_py']
[0.178s] Level 1:colcon.colcon_core.package_identification:_identify(mirte-ros-packages/mirte_description) by extension 'python_setup_py'
[0.178s] Level 1:colcon.colcon_core.package_identification:_identify(mirte-ros-packages/mirte_description/mirte_master_description) by extensions ['ignore', 'ignore_ament_install']
[0.178s] Level 1:colcon.colcon_core.package_identification:_identify(mirte-ros-packages/mirte_description/mirte_master_description) by extension 'ignore'
[0.178s] Level 1:colcon.colcon_core.package_identification:_identify(mirte-ros-packages/mirte_description/mirte_master_description) by extension 'ignore_ament_install'
[0.178s] Level 1:colcon.colcon_core.package_identification:_identify(mirte-ros-packages/mirte_description/mirte_master_description) by extensions ['colcon_pkg']
[0.178s] Level 1:colcon.colcon_core.package_identification:_identify(mirte-ros-packages/mirte_description/mirte_master_description) by extension 'colcon_pkg'
[0.178s] Level 1:colcon.colcon_core.package_identification:_identify(mirte-ros-packages/mirte_description/mirte_master_description) by extensions ['colcon_meta']
[0.178s] Level 1:colcon.colcon_core.package_identification:_identify(mirte-ros-packages/mirte_description/mirte_master_description) by extension 'colcon_meta'
[0.178s] Level 1:colcon.colcon_core.package_identification:_identify(mirte-ros-packages/mirte_description/mirte_master_description) by extensions ['ros']
[0.178s] Level 1:colcon.colcon_core.package_identification:_identify(mirte-ros-packages/mirte_description/mirte_master_description) by extension 'ros'
[0.179s] DEBUG:colcon.colcon_core.package_identification:Package 'mirte-ros-packages/mirte_description/mirte_master_description' with type 'ros.ament_cmake' and name 'mirte_master_description'
[0.179s] Level 1:colcon.colcon_core.package_identification:_identify(mirte-ros-packages/mirte_description/mirte_pioneer_description) by extensions ['ignore', 'ignore_ament_install']
[0.179s] Level 1:colcon.colcon_core.package_identification:_identify(mirte-ros-packages/mirte_description/mirte_pioneer_description) by extension 'ignore'
[0.179s] Level 1:colcon.colcon_core.package_identification:_identify(mirte-ros-packages/mirte_description/mirte_pioneer_description) by extension 'ignore_ament_install'
[0.179s] Level 1:colcon.colcon_core.package_identification:_identify(mirte-ros-packages/mirte_description/mirte_pioneer_description) by extensions ['colcon_pkg']
[0.179s] Level 1:colcon.colcon_core.package_identification:_identify(mirte-ros-packages/mirte_description/mirte_pioneer_description) by extension 'colcon_pkg'
[0.179s] Level 1:colcon.colcon_core.package_identification:_identify(mirte-ros-packages/mirte_description/mirte_pioneer_description) by extensions ['colcon_meta']
[0.179s] Level 1:colcon.colcon_core.package_identification:_identify(mirte-ros-packages/mirte_description/mirte_pioneer_description) by extension 'colcon_meta'
[0.179s] Level 1:colcon.colcon_core.package_identification:_identify(mirte-ros-packages/mirte_description/mirte_pioneer_description) by extensions ['ros']
[0.179s] Level 1:colcon.colcon_core.package_identification:_identify(mirte-ros-packages/mirte_description/mirte_pioneer_description) by extension 'ros'
[0.180s] DEBUG:colcon.colcon_core.package_identification:Package 'mirte-ros-packages/mirte_description/mirte_pioneer_description' with type 'ros.ament_cmake' and name 'mirte_pioneer_description'
[0.180s] Level 1:colcon.colcon_core.package_identification:_identify(mirte-ros-packages/mirte_fastdds_discovery_setup) by extensions ['ignore', 'ignore_ament_install']
[0.180s] Level 1:colcon.colcon_core.package_identification:_identify(mirte-ros-packages/mirte_fastdds_discovery_setup) by extension 'ignore'
[0.180s] Level 1:colcon.colcon_core.package_identification:_identify(mirte-ros-packages/mirte_fastdds_discovery_setup) by extension 'ignore_ament_install'
[0.180s] Level 1:colcon.colcon_core.package_identification:_identify(mirte-ros-packages/mirte_fastdds_discovery_setup) by extensions ['colcon_pkg']
[0.180s] Level 1:colcon.colcon_core.package_identification:_identify(mirte-ros-packages/mirte_fastdds_discovery_setup) by extension 'colcon_pkg'
[0.180s] Level 1:colcon.colcon_core.package_identification:_identify(mirte-ros-packages/mirte_fastdds_discovery_setup) by extensions ['colcon_meta']
[0.180s] Level 1:colcon.colcon_core.package_identification:_identify(mirte-ros-packages/mirte_fastdds_discovery_setup) by extension 'colcon_meta'
[0.180s] Level 1:colcon.colcon_core.package_identification:_identify(mirte-ros-packages/mirte_fastdds_discovery_setup) by extensions ['ros']
[0.180s] Level 1:colcon.colcon_core.package_identification:_identify(mirte-ros-packages/mirte_fastdds_discovery_setup) by extension 'ros'
[0.181s] DEBUG:colcon.colcon_core.package_identification:Package 'mirte-ros-packages/mirte_fastdds_discovery_setup' with type 'ros.ament_cmake' and name 'mirte_fastdds_discovery_setup'
[0.181s] Level 1:colcon.colcon_core.package_identification:_identify(mirte-ros-packages/mirte_moveit_config) by extensions ['ignore', 'ignore_ament_install']
[0.181s] Level 1:colcon.colcon_core.package_identification:_identify(mirte-ros-packages/mirte_moveit_config) by extension 'ignore'
[0.181s] Level 1:colcon.colcon_core.package_identification:_identify(mirte-ros-packages/mirte_moveit_config) by extension 'ignore_ament_install'
[0.181s] Level 1:colcon.colcon_core.package_identification:_identify(mirte-ros-packages/mirte_moveit_config) by extensions ['colcon_pkg']
[0.181s] Level 1:colcon.colcon_core.package_identification:_identify(mirte-ros-packages/mirte_moveit_config) by extension 'colcon_pkg'
[0.181s] Level 1:colcon.colcon_core.package_identification:_identify(mirte-ros-packages/mirte_moveit_config) by extensions ['colcon_meta']
[0.181s] Level 1:colcon.colcon_core.package_identification:_identify(mirte-ros-packages/mirte_moveit_config) by extension 'colcon_meta'
[0.181s] Level 1:colcon.colcon_core.package_identification:_identify(mirte-ros-packages/mirte_moveit_config) by extensions ['ros']
[0.181s] Level 1:colcon.colcon_core.package_identification:_identify(mirte-ros-packages/mirte_moveit_config) by extension 'ros'
[0.182s] DEBUG:colcon.colcon_core.package_identification:Package 'mirte-ros-packages/mirte_moveit_config' with type 'ros.ament_cmake' and name 'mirte_moveit_config'
[0.182s] Level 1:colcon.colcon_core.package_identification:_identify(mirte-ros-packages/mirte_msgs) by extensions ['ignore', 'ignore_ament_install']
[0.182s] Level 1:colcon.colcon_core.package_identification:_identify(mirte-ros-packages/mirte_msgs) by extension 'ignore'
[0.182s] Level 1:colcon.colcon_core.package_identification:_identify(mirte-ros-packages/mirte_msgs) by extension 'ignore_ament_install'
[0.182s] Level 1:colcon.colcon_core.package_identification:_identify(mirte-ros-packages/mirte_msgs) by extensions ['colcon_pkg']
[0.182s] Level 1:colcon.colcon_core.package_identification:_identify(mirte-ros-packages/mirte_msgs) by extension 'colcon_pkg'
[0.182s] Level 1:colcon.colcon_core.package_identification:_identify(mirte-ros-packages/mirte_msgs) by extensions ['colcon_meta']
[0.182s] Level 1:colcon.colcon_core.package_identification:_identify(mirte-ros-packages/mirte_msgs) by extension 'colcon_meta'
[0.182s] Level 1:colcon.colcon_core.package_identification:_identify(mirte-ros-packages/mirte_msgs) by extensions ['ros']
[0.182s] Level 1:colcon.colcon_core.package_identification:_identify(mirte-ros-packages/mirte_msgs) by extension 'ros'
[0.183s] DEBUG:colcon.colcon_core.package_identification:Package 'mirte-ros-packages/mirte_msgs' with type 'ros.ament_cmake' and name 'mirte_msgs'
[0.183s] Level 1:colcon.colcon_core.package_identification:_identify(mirte-ros-packages/mirte_telemetrix_cpp) by extensions ['ignore', 'ignore_ament_install']
[0.183s] Level 1:colcon.colcon_core.package_identification:_identify(mirte-ros-packages/mirte_telemetrix_cpp) by extension 'ignore'
[0.183s] Level 1:colcon.colcon_core.package_identification:_identify(mirte-ros-packages/mirte_telemetrix_cpp) ignored
[0.183s] Level 1:colcon.colcon_core.package_identification:_identify(mirte-ros-packages/mirte_teleop) by extensions ['ignore', 'ignore_ament_install']
[0.183s] Level 1:colcon.colcon_core.package_identification:_identify(mirte-ros-packages/mirte_teleop) by extension 'ignore'
[0.183s] Level 1:colcon.colcon_core.package_identification:_identify(mirte-ros-packages/mirte_teleop) by extension 'ignore_ament_install'
[0.183s] Level 1:colcon.colcon_core.package_identification:_identify(mirte-ros-packages/mirte_teleop) by extensions ['colcon_pkg']
[0.183s] Level 1:colcon.colcon_core.package_identification:_identify(mirte-ros-packages/mirte_teleop) by extension 'colcon_pkg'
[0.183s] Level 1:colcon.colcon_core.package_identification:_identify(mirte-ros-packages/mirte_teleop) by extensions ['colcon_meta']
[0.183s] Level 1:colcon.colcon_core.package_identification:_identify(mirte-ros-packages/mirte_teleop) by extension 'colcon_meta'
[0.183s] Level 1:colcon.colcon_core.package_identification:_identify(mirte-ros-packages/mirte_teleop) by extensions ['ros']
[0.183s] Level 1:colcon.colcon_core.package_identification:_identify(mirte-ros-packages/mirte_teleop) by extension 'ros'
[0.184s] DEBUG:colcon.colcon_core.package_identification:Package 'mirte-ros-packages/mirte_teleop' with type 'ros.ament_cmake' and name 'mirte_teleop'
[0.184s] Level 1:colcon.colcon_core.package_identification:_identify(mirte-ros-packages/mirte_test) by extensions ['ignore', 'ignore_ament_install']
[0.184s] Level 1:colcon.colcon_core.package_identification:_identify(mirte-ros-packages/mirte_test) by extension 'ignore'
[0.184s] Level 1:colcon.colcon_core.package_identification:_identify(mirte-ros-packages/mirte_test) by extension 'ignore_ament_install'
[0.184s] Level 1:colcon.colcon_core.package_identification:_identify(mirte-ros-packages/mirte_test) by extensions ['colcon_pkg']
[0.184s] Level 1:colcon.colcon_core.package_identification:_identify(mirte-ros-packages/mirte_test) by extension 'colcon_pkg'
[0.184s] Level 1:colcon.colcon_core.package_identification:_identify(mirte-ros-packages/mirte_test) by extensions ['colcon_meta']
[0.184s] Level 1:colcon.colcon_core.package_identification:_identify(mirte-ros-packages/mirte_test) by extension 'colcon_meta'
[0.184s] Level 1:colcon.colcon_core.package_identification:_identify(mirte-ros-packages/mirte_test) by extensions ['ros']
[0.184s] Level 1:colcon.colcon_core.package_identification:_identify(mirte-ros-packages/mirte_test) by extension 'ros'
[0.184s] DEBUG:colcon.colcon_core.package_identification:Package 'mirte-ros-packages/mirte_test' with type 'ros.ament_python' and name 'mirte_test'
[0.185s] Level 1:colcon.colcon_core.package_identification:_identify(mirte-ros-packages/mirte_zenoh_setup) by extensions ['ignore', 'ignore_ament_install']
[0.185s] Level 1:colcon.colcon_core.package_identification:_identify(mirte-ros-packages/mirte_zenoh_setup) by extension 'ignore'
[0.185s] Level 1:colcon.colcon_core.package_identification:_identify(mirte-ros-packages/mirte_zenoh_setup) by extension 'ignore_ament_install'
[0.185s] Level 1:colcon.colcon_core.package_identification:_identify(mirte-ros-packages/mirte_zenoh_setup) by extensions ['colcon_pkg']
[0.185s] Level 1:colcon.colcon_core.package_identification:_identify(mirte-ros-packages/mirte_zenoh_setup) by extension 'colcon_pkg'
[0.185s] Level 1:colcon.colcon_core.package_identification:_identify(mirte-ros-packages/mirte_zenoh_setup) by extensions ['colcon_meta']
[0.185s] Level 1:colcon.colcon_core.package_identification:_identify(mirte-ros-packages/mirte_zenoh_setup) by extension 'colcon_meta'
[0.185s] Level 1:colcon.colcon_core.package_identification:_identify(mirte-ros-packages/mirte_zenoh_setup) by extensions ['ros']
[0.185s] Level 1:colcon.colcon_core.package_identification:_identify(mirte-ros-packages/mirte_zenoh_setup) by extension 'ros'
[0.185s] DEBUG:colcon.colcon_core.package_identification:Package 'mirte-ros-packages/mirte_zenoh_setup' with type 'ros.ament_cmake' and name 'mirte_zenoh_setup'
[0.185s] Level 1:colcon.colcon_core.package_discovery:discover_packages(recursive) using defaults
[0.186s] Level 1:colcon.colcon_core.package_discovery:discover_packages(ignore) discover
[0.186s] Level 1:colcon.colcon_core.package_discovery:discover_packages(ignore) using defaults
[0.186s] Level 1:colcon.colcon_core.package_discovery:discover_packages(path) discover
[0.186s] Level 1:colcon.colcon_core.package_discovery:discover_packages(path) using defaults
[0.205s] INFO:colcon.colcon_core.package_selection:Skipping not selected package 'aws_robomaker_small_warehouse_world' in 'aws-robomaker-small-warehouse-world'
[0.205s] INFO:colcon.colcon_core.package_selection:Skipping not selected package 'mirte_fastdds_discovery_setup' in 'mirte-ros-packages/mirte_fastdds_discovery_setup'
[0.205s] INFO:colcon.colcon_core.package_selection:Skipping not selected package 'mirte_master_description' in 'mirte-ros-packages/mirte_description/mirte_master_description'
[0.205s] INFO:colcon.colcon_core.package_selection:Skipping not selected package 'mirte_msgs' in 'mirte-ros-packages/mirte_msgs'
[0.205s] INFO:colcon.colcon_core.package_selection:Skipping not selected package 'mirte_pioneer_description' in 'mirte-ros-packages/mirte_description/mirte_pioneer_description'
[0.205s] INFO:colcon.colcon_core.package_selection:Skipping not selected package 'mirte_teleop' in 'mirte-ros-packages/mirte_teleop'
[0.205s] INFO:colcon.colcon_core.package_selection:Skipping not selected package 'mirte_test' in 'mirte-ros-packages/mirte_test'
[0.205s] INFO:colcon.colcon_core.package_selection:Skipping not selected package 'mirte_zenoh_setup' in 'mirte-ros-packages/mirte_zenoh_setup'
[0.205s] INFO:colcon.colcon_core.package_selection:Skipping not selected package 'publisher_example' in 'examples/publisher_example'
[0.205s] INFO:colcon.colcon_core.package_selection:Skipping not selected package 'subscriber_example' in 'examples/subscriber_example'
[0.205s] INFO:colcon.colcon_core.package_selection:Skipping not selected package 'mirte_base_control' in 'mirte-ros-packages/mirte_control/mirte_master_base_control'
[0.205s] INFO:colcon.colcon_core.package_selection:Skipping not selected package 'mirte_control' in 'mirte-ros-packages/mirte_control/mirte_pioneer_control'
[0.205s] INFO:colcon.colcon_core.package_selection:Skipping not selected package 'mirte_gazebo' in 'mirte-gazebo'
[0.205s] INFO:colcon.colcon_core.package_selection:Skipping not selected package 'mirte_master_arm_control' in 'mirte-ros-packages/mirte_control/mirte_master_arm_control'
[0.205s] INFO:colcon.colcon_core.package_selection:Skipping not selected package 'mirte_moveit_config' in 'mirte-ros-packages/mirte_moveit_config'
[0.205s] INFO:colcon.colcon_core.package_selection:Skipping not selected package 'mirte_bringup' in 'mirte-ros-packages/mirte_bringup'
[0.205s] Level 1:colcon.colcon_core.package_discovery:discover_packages(prefix_path) check parameters
[0.205s] Level 1:colcon.colcon_core.package_discovery:discover_packages(prefix_path) discover
[0.208s] DEBUG:colcon.colcon_installed_package_information.package_discovery:Found 17 installed packages in /home/dowling/ros2_ws/install
[0.208s] DEBUG:colcon.colcon_installed_package_information.package_discovery:Found 3 installed packages in /home/dowling/ros2_control_ws/install
[0.210s] DEBUG:colcon.colcon_installed_package_information.package_discovery:Found 417 installed packages in /opt/ros/jazzy
[0.211s] Level 1:colcon.colcon_core.package_discovery:discover_packages(prefix_path) using defaults
[0.267s] Level 5:colcon.colcon_core.verb:set package 'bump_go' build argument 'cmake_args' from command line to 'None'
[0.267s] Level 5:colcon.colcon_core.verb:set package 'bump_go' build argument 'cmake_target' from command line to 'None'
[0.267s] Level 5:colcon.colcon_core.verb:set package 'bump_go' build argument 'cmake_target_skip_unavailable' from command line to 'False'
[0.267s] Level 5:colcon.colcon_core.verb:set package 'bump_go' build argument 'cmake_clean_cache' from command line to 'False'
[0.267s] Level 5:colcon.colcon_core.verb:set package 'bump_go' build argument 'cmake_clean_first' from command line to 'False'
[0.267s] Level 5:colcon.colcon_core.verb:set package 'bump_go' build argument 'cmake_force_configure' from command line to 'False'
[0.267s] Level 5:colcon.colcon_core.verb:set package 'bump_go' build argument 'ament_cmake_args' from command line to 'None'
[0.267s] Level 5:colcon.colcon_core.verb:set package 'bump_go' build argument 'catkin_cmake_args' from command line to 'None'
[0.267s] Level 5:colcon.colcon_core.verb:set package 'bump_go' build argument 'catkin_skip_building_tests' from command line to 'False'
[0.267s] DEBUG:colcon.colcon_core.verb:Building package 'bump_go' with the following arguments: {'ament_cmake_args': None, 'build_base': '/home/dowling/ros2_ws/src/build/bump_go', 'catkin_cmake_args': None, 'catkin_skip_building_tests': False, 'cmake_args': None, 'cmake_clean_cache': False, 'cmake_clean_first': False, 'cmake_force_configure': False, 'cmake_target': None, 'cmake_target_skip_unavailable': False, 'install_base': '/home/dowling/ros2_ws/src/install/bump_go', 'merge_install': False, 'path': '/home/dowling/ros2_ws/src/examples/bump_go', 'symlink_install': False, 'test_result_base': None}
[0.267s] INFO:colcon.colcon_core.executor:Executing jobs using 'parallel' executor
[0.268s] DEBUG:colcon.colcon_parallel_executor.executor.parallel:run_until_complete
[0.268s] INFO:colcon.colcon_ros.task.ament_cmake.build:Building ROS package in '/home/dowling/ros2_ws/src/examples/bump_go' with build type 'ament_cmake'
[0.268s] INFO:colcon.colcon_cmake.task.cmake.build:Building CMake package in '/home/dowling/ros2_ws/src/examples/bump_go'
[0.270s] INFO:colcon.colcon_core.plugin_system:Skipping extension 'colcon_core.shell.bat': Not used on non-Windows systems
[0.270s] INFO:colcon.colcon_core.shell:Skip shell extension 'powershell' for command environment: Not usable outside of PowerShell
[0.270s] DEBUG:colcon.colcon_core.shell:Skip shell extension 'dsv' for command environment
[0.280s] DEBUG:colcon.colcon_core.event_handler.log_command:Invoking command in '/home/dowling/ros2_ws/src/build/bump_go': CMAKE_PREFIX_PATH=${CMAKE_PREFIX_PATH}:/home/dowling/ros2_ws/install/mirte_test:/opt/ros/jazzy DEBUGINFOD_URLS=https://debuginfod.ubuntu.com /usr/bin/cmake /home/dowling/ros2_ws/src/examples/bump_go -DCMAKE_INSTALL_PREFIX=/home/dowling/ros2_ws/src/install/bump_go
[2.017s] DEBUG:colcon.colcon_core.event_handler.log_command:Invoked command in '/home/dowling/ros2_ws/src/build/bump_go' returned '0': CMAKE_PREFIX_PATH=${CMAKE_PREFIX_PATH}:/home/dowling/ros2_ws/install/mirte_test:/opt/ros/jazzy DEBUGINFOD_URLS=https://debuginfod.ubuntu.com /usr/bin/cmake /home/dowling/ros2_ws/src/examples/bump_go -DCMAKE_INSTALL_PREFIX=/home/dowling/ros2_ws/src/install/bump_go
[2.017s] DEBUG:colcon.colcon_core.event_handler.log_command:Invoking command in '/home/dowling/ros2_ws/src/build/bump_go': CMAKE_PREFIX_PATH=${CMAKE_PREFIX_PATH}:/home/dowling/ros2_ws/install/mirte_test:/opt/ros/jazzy DEBUGINFOD_URLS=https://debuginfod.ubuntu.com /usr/bin/cmake --build /home/dowling/ros2_ws/src/build/bump_go -- -j12 -l12
[5.093s] DEBUG:colcon.colcon_core.event_handler.log_command:Invoked command in '/home/dowling/ros2_ws/src/build/bump_go' returned '0': CMAKE_PREFIX_PATH=${CMAKE_PREFIX_PATH}:/home/dowling/ros2_ws/install/mirte_test:/opt/ros/jazzy DEBUGINFOD_URLS=https://debuginfod.ubuntu.com /usr/bin/cmake --build /home/dowling/ros2_ws/src/build/bump_go -- -j12 -l12
[5.104s] DEBUG:colcon.colcon_core.event_handler.log_command:Invoking command in '/home/dowling/ros2_ws/src/build/bump_go': CMAKE_PREFIX_PATH=${CMAKE_PREFIX_PATH}:/home/dowling/ros2_ws/install/mirte_test:/opt/ros/jazzy DEBUGINFOD_URLS=https://debuginfod.ubuntu.com /usr/bin/cmake --install /home/dowling/ros2_ws/src/build/bump_go
[5.124s] Level 1:colcon.colcon_core.environment:create_environment_scripts_only(bump_go)
[5.126s] DEBUG:colcon.colcon_core.event_handler.log_command:Invoked command in '/home/dowling/ros2_ws/src/build/bump_go' returned '0': CMAKE_PREFIX_PATH=${CMAKE_PREFIX_PATH}:/home/dowling/ros2_ws/install/mirte_test:/opt/ros/jazzy DEBUGINFOD_URLS=https://debuginfod.ubuntu.com /usr/bin/cmake --install /home/dowling/ros2_ws/src/build/bump_go
[5.128s] Level 1:colcon.colcon_core.environment:checking '/home/dowling/ros2_ws/src/install/bump_go' for CMake module files
[5.128s] Level 1:colcon.colcon_core.environment:checking '/home/dowling/ros2_ws/src/install/bump_go' for CMake config files
[5.129s] Level 1:colcon.colcon_core.shell:create_environment_hook('bump_go', 'cmake_prefix_path')
[5.129s] INFO:colcon.colcon_core.shell:Creating environment hook '/home/dowling/ros2_ws/src/install/bump_go/share/bump_go/hook/cmake_prefix_path.ps1'
[5.129s] INFO:colcon.colcon_core.shell:Creating environment descriptor '/home/dowling/ros2_ws/src/install/bump_go/share/bump_go/hook/cmake_prefix_path.dsv'
[5.130s] INFO:colcon.colcon_core.shell:Creating environment hook '/home/dowling/ros2_ws/src/install/bump_go/share/bump_go/hook/cmake_prefix_path.sh'
[5.130s] Level 1:colcon.colcon_core.environment:checking '/home/dowling/ros2_ws/src/install/bump_go/lib'
[5.130s] Level 1:colcon.colcon_core.environment:checking '/home/dowling/ros2_ws/src/install/bump_go/bin'
[5.130s] Level 1:colcon.colcon_core.environment:checking '/home/dowling/ros2_ws/src/install/bump_go/lib/pkgconfig/bump_go.pc'
[5.131s] Level 1:colcon.colcon_core.environment:checking '/home/dowling/ros2_ws/src/install/bump_go/lib/python3.12/site-packages'
[5.131s] Level 1:colcon.colcon_core.environment:checking '/home/dowling/ros2_ws/src/install/bump_go/bin'
[5.131s] INFO:colcon.colcon_core.shell:Creating package script '/home/dowling/ros2_ws/src/install/bump_go/share/bump_go/package.ps1'
[5.131s] INFO:colcon.colcon_core.shell:Creating package descriptor '/home/dowling/ros2_ws/src/install/bump_go/share/bump_go/package.dsv'
[5.132s] INFO:colcon.colcon_core.shell:Creating package script '/home/dowling/ros2_ws/src/install/bump_go/share/bump_go/package.sh'
[5.132s] INFO:colcon.colcon_core.shell:Creating package script '/home/dowling/ros2_ws/src/install/bump_go/share/bump_go/package.bash'
[5.133s] INFO:colcon.colcon_core.shell:Creating package script '/home/dowling/ros2_ws/src/install/bump_go/share/bump_go/package.zsh'
[5.133s] Level 1:colcon.colcon_core.environment:create_file_with_runtime_dependencies(/home/dowling/ros2_ws/src/install/bump_go/share/colcon-core/packages/bump_go)
[5.134s] Level 1:colcon.colcon_core.environment:create_environment_scripts_only(bump_go)
[5.134s] Level 1:colcon.colcon_core.environment:checking '/home/dowling/ros2_ws/src/install/bump_go' for CMake module files
[5.134s] Level 1:colcon.colcon_core.environment:checking '/home/dowling/ros2_ws/src/install/bump_go' for CMake config files
[5.135s] Level 1:colcon.colcon_core.shell:create_environment_hook('bump_go', 'cmake_prefix_path')
[5.135s] INFO:colcon.colcon_core.shell:Creating environment hook '/home/dowling/ros2_ws/src/install/bump_go/share/bump_go/hook/cmake_prefix_path.ps1'
[5.135s] INFO:colcon.colcon_core.shell:Creating environment descriptor '/home/dowling/ros2_ws/src/install/bump_go/share/bump_go/hook/cmake_prefix_path.dsv'
[5.135s] INFO:colcon.colcon_core.shell:Creating environment hook '/home/dowling/ros2_ws/src/install/bump_go/share/bump_go/hook/cmake_prefix_path.sh'
[5.136s] Level 1:colcon.colcon_core.environment:checking '/home/dowling/ros2_ws/src/install/bump_go/lib'
[5.136s] Level 1:colcon.colcon_core.environment:checking '/home/dowling/ros2_ws/src/install/bump_go/bin'
[5.136s] Level 1:colcon.colcon_core.environment:checking '/home/dowling/ros2_ws/src/install/bump_go/lib/pkgconfig/bump_go.pc'
[5.136s] Level 1:colcon.colcon_core.environment:checking '/home/dowling/ros2_ws/src/install/bump_go/lib/python3.12/site-packages'
[5.136s] Level 1:colcon.colcon_core.environment:checking '/home/dowling/ros2_ws/src/install/bump_go/bin'
[5.137s] INFO:colcon.colcon_core.shell:Creating package script '/home/dowling/ros2_ws/src/install/bump_go/share/bump_go/package.ps1'
[5.137s] INFO:colcon.colcon_core.shell:Creating package descriptor '/home/dowling/ros2_ws/src/install/bump_go/share/bump_go/package.dsv'
[5.137s] INFO:colcon.colcon_core.shell:Creating package script '/home/dowling/ros2_ws/src/install/bump_go/share/bump_go/package.sh'
[5.138s] INFO:colcon.colcon_core.shell:Creating package script '/home/dowling/ros2_ws/src/install/bump_go/share/bump_go/package.bash'
[5.138s] INFO:colcon.colcon_core.shell:Creating package script '/home/dowling/ros2_ws/src/install/bump_go/share/bump_go/package.zsh'
[5.138s] Level 1:colcon.colcon_core.environment:create_file_with_runtime_dependencies(/home/dowling/ros2_ws/src/install/bump_go/share/colcon-core/packages/bump_go)
[5.138s] DEBUG:colcon.colcon_parallel_executor.executor.parallel:closing loop
[5.139s] DEBUG:colcon.colcon_parallel_executor.executor.parallel:loop closed
[5.139s] DEBUG:colcon.colcon_parallel_executor.executor.parallel:run_until_complete finished with '0'
[5.139s] DEBUG:colcon.colcon_core.event_reactor:joining thread
[5.144s] INFO:colcon.colcon_core.plugin_system:Skipping extension 'colcon_notification.desktop_notification.terminal_notifier': Not used on non-Darwin systems
[5.144s] INFO:colcon.colcon_core.plugin_system:Skipping extension 'colcon_notification.desktop_notification.win32': Not used on non-Windows systems
[5.144s] INFO:colcon.colcon_notification.desktop_notification:Sending desktop notification using 'notify2'
[5.161s] DEBUG:colcon.colcon_core.event_reactor:joined thread
[5.161s] INFO:colcon.colcon_core.shell:Creating prefix script '/home/dowling/ros2_ws/src/install/local_setup.ps1'
[5.162s] INFO:colcon.colcon_core.shell:Creating prefix util module '/home/dowling/ros2_ws/src/install/_local_setup_util_ps1.py'
[5.162s] INFO:colcon.colcon_core.shell:Creating prefix chain script '/home/dowling/ros2_ws/src/install/setup.ps1'
[5.164s] INFO:colcon.colcon_core.shell:Creating prefix script '/home/dowling/ros2_ws/src/install/local_setup.sh'
[5.164s] INFO:colcon.colcon_core.shell:Creating prefix util module '/home/dowling/ros2_ws/src/install/_local_setup_util_sh.py'
[5.165s] INFO:colcon.colcon_core.shell:Creating prefix chain script '/home/dowling/ros2_ws/src/install/setup.sh'
[5.167s] INFO:colcon.colcon_core.shell:Creating prefix script '/home/dowling/ros2_ws/src/install/local_setup.bash'
[5.167s] INFO:colcon.colcon_core.shell:Creating prefix chain script '/home/dowling/ros2_ws/src/install/setup.bash'
[5.169s] INFO:colcon.colcon_core.shell:Creating prefix script '/home/dowling/ros2_ws/src/install/local_setup.zsh'
[5.169s] INFO:colcon.colcon_core.shell:Creating prefix chain script '/home/dowling/ros2_ws/src/install/setup.zsh'
